{"stream":"Step 1/12 : FROM node:20-alpine AS build"}
{"stream":"\n"}
{"stream":" ---\u003e 737f4000d1c8\n"}
{"stream":"Step 2/12 : ARG VITE_API_URL"}
{"stream":"\n"}
{"stream":" ---\u003e Using cache\n"}
{"stream":" ---\u003e 49865a51ab38\n"}
{"stream":"Step 3/12 : ENV VITE_API_URL=$VITE_API_URL"}
{"stream":"\n"}
{"stream":" ---\u003e Using cache\n"}
{"stream":" ---\u003e 05248a727d08\n"}
{"stream":"Step 4/12 : WORKDIR /app"}
{"stream":"\n"}
{"stream":" ---\u003e Using cache\n"}
{"stream":" ---\u003e a211d2d73b18\n"}
{"stream":"Step 5/12 : COPY package.json package-lock.json* ./"}
{"stream":"\n"}
{"stream":" ---\u003e Using cache\n"}
{"stream":" ---\u003e c810cefb5d11\n"}
{"stream":"Step 6/12 : RUN npm install"}
{"stream":"\n"}
{"stream":" ---\u003e Using cache\n"}
{"stream":" ---\u003e ed198e7b4e54\n"}
{"stream":"Step 7/12 : COPY . ."}
{"stream":"\n"}
{"stream":" ---\u003e 0866f7bb6f7a\n"}
{"stream":"Step 8/12 : RUN npm run build"}
{"stream":"\n"}
{"stream":" ---\u003e Running in 620cb2422c99\n"}
{"stream":"\n\u003e prism-frontend@Beta 07.09.06 build\n\u003e tsc \u0026\u0026 vite build\n\n"}
{"stream":"vite v5.4.21 building for production...\n"}
{"stream":"transforming...\n"}
{"stream":"✓ 59 modules transformed.\n"}
{"stream":"rendering chunks...\n"}
{"stream":"computing gzip size...\n"}
{"stream":"dist/index.html                   0.40 kB │ gzip:  0.27 kB\n"}
{"stream":"dist/assets/index-Dfonm5Qq.css    4.98 kB │ gzip:  1.62 kB\n"}
{"stream":"dist/assets/index-BONbu_6V.js   348.26 kB │ gzip: 87.29 kB\n"}
{"stream":"✓ built in 2.06s\n"}
{"stream":" ---\u003e Removed intermediate container 620cb2422c99\n"}
{"stream":" ---\u003e 40cebe5c34ea\n"}
{"aux":{"ID":"sha256:40cebe5c34eabead510a207bbdcf99be980782b6e982255bd9900f062ab9e93a"}}
{"stream":"Step 9/12 : FROM nginx:alpine"}
{"stream":"\n"}
{"stream":" ---\u003e 21bb1a3a67e9\n"}
{"stream":"Step 10/12 : COPY --from=build /app/dist /usr/share/nginx/html"}
{"stream":"\n"}
{"stream":" ---\u003e 449beeb0c5ec\n"}
{"stream":"Step 11/12 : COPY nginx.conf /etc/nginx/conf.d/default.conf"}
{"stream":"\n"}
{"stream":" ---\u003e 4576d0e762bb\n"}
{"stream":"Step 12/12 : EXPOSE 80"}
{"stream":"\n"}
{"stream":" ---\u003e Running in a36ac1754ad8\n"}
{"stream":" ---\u003e Removed intermediate container a36ac1754ad8\n"}
{"stream":" ---\u003e 917e476fb9ad\n"}
{"aux":{"ID":"sha256:917e476fb9adda1ee6053d634c7db9256c371780bbebb35f555ca3c5c4182990"}}
{"stream":"Successfully built 917e476fb9ad\n"}
{"stream":"Successfully tagged dashboard-utility-frontend:latest\n"}
