{"stream":"Step 1/12 : FROM node:20-alpine AS build"}
{"stream":"\n"}
{"stream":" ---\u003e 737f4000d1c8\n"}
{"stream":"Step 2/12 : ARG VITE_API_URL"}
{"stream":"\n"}
{"stream":" ---\u003e Using cache\n"}
{"stream":" ---\u003e 49865a51ab38\n"}
{"stream":"Step 3/12 : ENV VITE_API_URL=$VITE_API_URL"}
{"stream":"\n"}
{"stream":" ---\u003e Using cache\n"}
{"stream":" ---\u003e 05248a727d08\n"}
{"stream":"Step 4/12 : WORKDIR /app"}
{"stream":"\n"}
{"stream":" ---\u003e Using cache\n"}
{"stream":" ---\u003e a211d2d73b18\n"}
{"stream":"Step 5/12 : COPY package.json package-lock.json* ./"}
{"stream":"\n"}
{"stream":" ---\u003e Using cache\n"}
{"stream":" ---\u003e c810cefb5d11\n"}
{"stream":"Step 6/12 : RUN npm install"}
{"stream":"\n"}
{"stream":" ---\u003e Using cache\n"}
{"stream":" ---\u003e ed198e7b4e54\n"}
{"stream":"Step 7/12 : COPY . ."}
{"stream":"\n"}
{"stream":" ---\u003e eb10b106cabb\n"}
{"stream":"Step 8/12 : RUN npm run build"}
{"stream":"\n"}
{"stream":" ---\u003e Running in 2cf28231fc91\n"}
{"stream":"\n\u003e prism-frontend@Beta 07.09.06 build\n\u003e tsc \u0026\u0026 vite build\n\n"}
{"stream":"vite v5.4.21 building for production...\n"}
{"stream":"transforming...\n"}
{"stream":"✓ 59 modules transformed.\n"}
{"stream":"rendering chunks...\n"}
{"stream":"computing gzip size...\n"}
{"stream":"dist/index.html                   0.40 kB │ gzip:  0.27 kB\n"}
{"stream":"dist/assets/index-CzHMLGqI.css    5.00 kB │ gzip:  1.63 kB\n"}
{"stream":"dist/assets/index-DI0bCQ-W.js   348.23 kB │ gzip: 87.28 kB\n"}
{"stream":"✓ built in 2.03s\n"}
{"stream":" ---\u003e Removed intermediate container 2cf28231fc91\n"}
{"stream":" ---\u003e 379848aa7d62\n"}
{"aux":{"ID":"sha256:379848aa7d6269e1be424c844609e8df30956a9ec40df0a5c82d7e5444f0b141"}}
{"stream":"Step 9/12 : FROM nginx:alpine"}
{"stream":"\n"}
{"stream":" ---\u003e 21bb1a3a67e9\n"}
{"stream":"Step 10/12 : COPY --from=build /app/dist /usr/share/nginx/html"}
{"stream":"\n"}
{"stream":" ---\u003e ae7dd1dbcaca\n"}
{"stream":"Step 11/12 : COPY nginx.conf /etc/nginx/conf.d/default.conf"}
{"stream":"\n"}
{"stream":" ---\u003e 21de89097968\n"}
{"stream":"Step 12/12 : EXPOSE 80"}
{"stream":"\n"}
{"stream":" ---\u003e Running in ab6f03ab892a\n"}
{"stream":" ---\u003e Removed intermediate container ab6f03ab892a\n"}
{"stream":" ---\u003e d45ea2c04f7f\n"}
{"aux":{"ID":"sha256:d45ea2c04f7f9f8080d24d22364570e9c16f5ada57541bf6ca2565377f3125ab"}}
{"stream":"Successfully built d45ea2c04f7f\n"}
{"stream":"Successfully tagged dashboard-utility-frontend:latest\n"}
