{"stream":"Step 1/12 : FROM node:20-alpine AS build"}
{"stream":"\n"}
{"stream":" ---\u003e 737f4000d1c8\n"}
{"stream":"Step 2/12 : ARG VITE_API_URL"}
{"stream":"\n"}
{"stream":" ---\u003e Using cache\n"}
{"stream":" ---\u003e 49865a51ab38\n"}
{"stream":"Step 3/12 : ENV VITE_API_URL=$VITE_API_URL"}
{"stream":"\n"}
{"stream":" ---\u003e Using cache\n"}
{"stream":" ---\u003e 05248a727d08\n"}
{"stream":"Step 4/12 : WORKDIR /app"}
{"stream":"\n"}
{"stream":" ---\u003e Using cache\n"}
{"stream":" ---\u003e a211d2d73b18\n"}
{"stream":"Step 5/12 : COPY package.json package-lock.json* ./"}
{"stream":"\n"}
{"stream":" ---\u003e Using cache\n"}
{"stream":" ---\u003e c810cefb5d11\n"}
{"stream":"Step 6/12 : RUN npm install"}
{"stream":"\n"}
{"stream":" ---\u003e Using cache\n"}
{"stream":" ---\u003e ed198e7b4e54\n"}
{"stream":"Step 7/12 : COPY . ."}
{"stream":"\n"}
{"stream":" ---\u003e a7a8bcaf1fdb\n"}
{"stream":"Step 8/12 : RUN npm run build"}
{"stream":"\n"}
{"stream":" ---\u003e Running in f01d2762ad0a\n"}
{"stream":"\n\u003e prism-frontend@Beta 07.09.06 build\n\u003e tsc \u0026\u0026 vite build\n\n"}
{"stream":"vite v5.4.21 building for production...\n"}
{"stream":"transforming...\n"}
{"stream":"✓ 59 modules transformed.\n"}
{"stream":"rendering chunks...\n"}
{"stream":"computing gzip size...\n"}
{"stream":"dist/index.html                   0.40 kB │ gzip:  0.28 kB\n"}
{"stream":"dist/assets/index-NsYJzTMG.css    4.97 kB │ gzip:  1.62 kB\n"}
{"stream":"dist/assets/index-CX3sW6bC.js   348.23 kB │ gzip: 87.28 kB\n"}
{"stream":"✓ built in 1.97s\n"}
{"stream":" ---\u003e Removed intermediate container f01d2762ad0a\n"}
{"stream":" ---\u003e aed73ea0c5ce\n"}
{"aux":{"ID":"sha256:aed73ea0c5ce6e48e5ebb240e27630122313c991f5dc9df481307b62e7497914"}}
{"stream":"Step 9/12 : FROM nginx:alpine"}
{"stream":"\n"}
{"stream":" ---\u003e 21bb1a3a67e9\n"}
{"stream":"Step 10/12 : COPY --from=build /app/dist /usr/share/nginx/html"}
{"stream":"\n"}
{"stream":" ---\u003e 55400e9d4e79\n"}
{"stream":"Step 11/12 : COPY nginx.conf /etc/nginx/conf.d/default.conf"}
{"stream":"\n"}
{"stream":" ---\u003e 751a5fa42bd6\n"}
{"stream":"Step 12/12 : EXPOSE 80"}
{"stream":"\n"}
{"stream":" ---\u003e Running in dc04c5175305\n"}
{"stream":" ---\u003e Removed intermediate container dc04c5175305\n"}
{"stream":" ---\u003e fff11444e16a\n"}
{"aux":{"ID":"sha256:fff11444e16a4868bdd0e28d37be19f151ce85c4379172ea7df934c958bbf1c3"}}
{"stream":"Successfully built fff11444e16a\n"}
{"stream":"Successfully tagged dashboard-utility-frontend:latest\n"}
